[assembly: System.Runtime.CompilerServices.InternalsVisibleToAttribute("NServiceBus.Metrics.ServiceControl.Msmq.Tests")]
[assembly: System.Runtime.Versioning.TargetFrameworkAttribute(".NETFramework,Version=v4.5.2", FrameworkDisplayName=".NET Framework 4.5.2")]